// Jest Snapshot v1, https://goo.gl/fbAQLP

exports[`Test Delete Group Delete group renders properly 1`] = `
<View>
  <View
    accessible={true}
    focusable={true}
    onClick={[Function]}
    onResponderGrant={[Function]}
    onResponderMove={[Function]}
    onResponderRelease={[Function]}
    onResponderTerminate={[Function]}
    onResponderTerminationRequest={[Function]}
    onStartShouldSetResponder={[Function]}
    style={
      Object {
        "alignItems": "center",
        "alignSelf": "center",
        "backgroundColor": "#b81f00",
        "borderRadius": 10,
        "height": 80,
        "justifyContent": "center",
        "margin": 10,
        "marginTop": 60,
        "paddingLeft": 10,
        "paddingRight": 10,
        "width": "50%",
      }
    }
  >
    <Text
      style={
        Object {
          "color": "white",
          "fontSize": 20,
          "margin": 5,
        }
      }
    >
      Delete Group
    </Text>
  </View>
</View>
`;
