// Jest Snapshot v1, https://goo.gl/fbAQLP

exports[`Test Search Search renders properly 1`] = `
<View
  style={
    Object {
      "flex": 11,
    }
  }
>
  <RCTScrollView
    contentContainerStyle={
      Object {
        "alignItems": "stretch",
        "justifyContent": "flex-start",
      }
    }
    style={
      Object {
        "flexDirection": "column",
      }
    }
  >
    <View>
      <View
        style={
          Object {
            "alignItems": "center",
            "flexDirection": "row",
            "justifyContent": "center",
          }
        }
      >
        <TextInput
          allowFontScaling={true}
          onChange={[Function]}
          onChangeText={[Function]}
          onSubmitEditing={[Function]}
          placeholder="Search..."
          rejectResponderTermination={true}
          style={
            Array [
              Object {
                "alignItems": "center",
                "backgroundColor": "white",
                "borderRadius": 10,
                "borderWidth": 0,
                "height": 50,
                "justifyContent": "center",
                "margin": 4,
                "padding": 10,
                "width": "60%",
              },
              Object {
                "borderColor": "#166fdb",
                "borderWidth": 2,
                "flex": 10,
                "margin": 15,
              },
            ]
          }
          textAlign="center"
          underlineColorAndroid="transparent"
          value=""
        />
        <Text />
      </View>
      <View />
      <View
        style={
          Object {
            "height": 50,
          }
        }
      />
    </View>
  </RCTScrollView>
</View>
`;
