// Jest Snapshot v1, https://goo.gl/fbAQLP

exports[`Test Signup Screen Signup screen renders properly 1`] = `
<View
  style={
    Object {
      "alignItems": "stretch",
      "backgroundColor": "#1d1f1e",
      "flex": 1,
      "justifyContent": "center",
    }
  }
>
  <View
    accessible={true}
    focusable={true}
    onClick={[Function]}
    onResponderGrant={[Function]}
    onResponderMove={[Function]}
    onResponderRelease={[Function]}
    onResponderTerminate={[Function]}
    onResponderTerminationRequest={[Function]}
    onStartShouldSetResponder={[Function]}
    style={
      Object {
        "alignItems": "center",
        "flex": 11,
        "justifyContent": "center",
      }
    }
  >
    <TextInput
      allowFontScaling={true}
      onChangeText={[Function]}
      placeholder="Enter username:"
      rejectResponderTermination={true}
      style={
        Object {
          "alignItems": "center",
          "backgroundColor": "white",
          "borderRadius": 10,
          "borderWidth": 0,
          "height": 50,
          "justifyContent": "center",
          "margin": 4,
          "padding": 10,
          "width": "60%",
        }
      }
      underlineColorAndroid="transparent"
      value=""
    />
    <TextInput
      allowFontScaling={true}
      onChangeText={[Function]}
      placeholder="Enter email:"
      rejectResponderTermination={true}
      style={
        Object {
          "alignItems": "center",
          "backgroundColor": "white",
          "borderRadius": 10,
          "borderWidth": 0,
          "height": 50,
          "justifyContent": "center",
          "margin": 4,
          "padding": 10,
          "width": "60%",
        }
      }
      underlineColorAndroid="transparent"
      value=""
    />
    <TextInput
      allowFontScaling={true}
      onChangeText={[Function]}
      placeholder="Enter password:"
      rejectResponderTermination={true}
      secureTextEntry={true}
      style={
        Object {
          "alignItems": "center",
          "backgroundColor": "white",
          "borderRadius": 10,
          "borderWidth": 0,
          "height": 50,
          "justifyContent": "center",
          "margin": 4,
          "padding": 10,
          "width": "60%",
        }
      }
      underlineColorAndroid="transparent"
      value=""
    />
    <View
      accessible={true}
      focusable={true}
      onClick={[Function]}
      onResponderGrant={[Function]}
      onResponderMove={[Function]}
      onResponderRelease={[Function]}
      onResponderTerminate={[Function]}
      onResponderTerminationRequest={[Function]}
      onStartShouldSetResponder={[Function]}
      style={
        Array [
          Object {
            "backgroundColor": "#166fdb",
            "height": 70,
            "top": 30,
            "width": "50%",
          },
          Object {
            "alignItems": "center",
            "borderRadius": 20,
            "justifyContent": "center",
            "margin": 5,
          },
        ]
      }
    >
      <Text
        style={
          Array [
            Object {
              "color": "white",
              "fontSize": 30,
            },
          ]
        }
      >
        Sign Up
      </Text>
    </View>
    <View
      accessible={true}
      focusable={true}
      onClick={[Function]}
      onResponderGrant={[Function]}
      onResponderMove={[Function]}
      onResponderRelease={[Function]}
      onResponderTerminate={[Function]}
      onResponderTerminationRequest={[Function]}
      onStartShouldSetResponder={[Function]}
      style={
        Array [
          Object {
            "backgroundColor": "white",
            "borderRadius": 10,
            "left": 20,
            "margin": 10,
            "padding": 10,
            "position": "absolute",
            "top": 50,
          },
        ]
      }
    >
      <Text />
    </View>
  </View>
  <View />
</View>
`;
