// Jest Snapshot v1, https://goo.gl/fbAQLP

exports[`Test Schedule Screen Schedule screen renders properly 1`] = `
<RCTSafeAreaView
  emulateUnlessSupported={true}
  style={
    Object {
      "backgroundColor": "#1d1f1e",
      "flex": 1,
      "flexDirection": "column",
      "justifyContent": "center",
    }
  }
>
  <View
    style={
      Object {
        "alignItems": "center",
        "backgroundColor": "#1d1f1e",
        "flex": 1,
        "flexDirection": "row",
      }
    }
  >
    <View
      accessible={true}
      focusable={true}
      onClick={[Function]}
      onResponderGrant={[Function]}
      onResponderMove={[Function]}
      onResponderRelease={[Function]}
      onResponderTerminate={[Function]}
      onResponderTerminationRequest={[Function]}
      onStartShouldSetResponder={[Function]}
      style={
        Object {
          "alignItems": "center",
          "flex": 1,
          "justifyContent": "center",
        }
      }
    >
      <Text />
      <Text
        style={
          Object {
            "color": "white",
            "margin": 5,
          }
        }
      >
        Groups
      </Text>
    </View>
    <View
      style={
        Object {
          "alignItems": "center",
          "flex": 2,
          "paddingBottom": 10,
        }
      }
    >
      <Image
        source={1}
        style={
          Object {
            "flex": 1,
            "height": 50,
            "marginBottom": 0,
            "width": 100,
          }
        }
      />
    </View>
    <View
      style={
        Object {
          "flex": 1,
        }
      }
    />
  </View>
  <View
    style={
      Object {
        "backgroundColor": "white",
        "flex": 11,
      }
    }
  >
    <RCTScrollView
      contentContainerStyle={
        Object {
          "alignItems": "center",
        }
      }
      style={
        Object {
          "marginBottom": 20,
          "marginTop": 20,
          "width": "100%",
        }
      }
    >
      <View>
        <View
          style={
            Object {
              "width": "90%",
            }
          }
        >
          <View
            style={
              Object {
                "backgroundColor": "#ffffff",
                "borderColor": "#e1e8ee",
                "borderWidth": 1,
                "margin": 15,
                "marginBottom": 0,
                "padding": 15,
                "shadowColor": "rgba(0,0,0, .2)",
                "shadowOffset": Object {
                  "height": 0,
                  "width": 0,
                },
                "shadowOpacity": 1,
                "shadowRadius": 1,
              }
            }
          >
            <View
              style={
                Object {
                  "backgroundColor": "transparent",
                }
              }
            >
              <Text
                style={
                  Object {
                    "color": "#43484d",
                    "fontSize": 18,
                    "fontWeight": "bold",
                    "marginBottom": 15,
                    "textAlign": "center",
                  }
                }
                testID="cardTitle"
              >
                Movie Night 11/5
              </Text>
              <View
                style={
                  Object {
                    "borderBottomColor": "#bcbbc1",
                    "borderBottomWidth": 0.5,
                    "marginBottom": 15,
                  }
                }
              />
              <Text>
                Start Time: 100
              </Text>
              <Text>
                Location: House 1
              </Text>
              <View
                accessible={true}
                focusable={true}
                onClick={[Function]}
                onResponderGrant={[Function]}
                onResponderMove={[Function]}
                onResponderRelease={[Function]}
                onResponderTerminate={[Function]}
                onResponderTerminationRequest={[Function]}
                onStartShouldSetResponder={[Function]}
                style={
                  Object {
                    "alignItems": "center",
                    "backgroundColor": "#1d1f1e",
                    "justifyContent": "center",
                    "margin": 10,
                    "padding": 5,
                  }
                }
              >
                <Text
                  style={
                    Object {
                      "alignContent": "center",
                      "color": "white",
                      "fontSize": 20,
                    }
                  }
                >
                  View Event
                </Text>
              </View>
            </View>
          </View>
          <View
            style={
              Object {
                "backgroundColor": "#ffffff",
                "borderColor": "#e1e8ee",
                "borderWidth": 1,
                "margin": 15,
                "marginBottom": 0,
                "padding": 15,
                "shadowColor": "rgba(0,0,0, .2)",
                "shadowOffset": Object {
                  "height": 0,
                  "width": 0,
                },
                "shadowOpacity": 1,
                "shadowRadius": 1,
              }
            }
          >
            <View
              style={
                Object {
                  "backgroundColor": "transparent",
                }
              }
            >
              <Text
                style={
                  Object {
                    "color": "#43484d",
                    "fontSize": 18,
                    "fontWeight": "bold",
                    "marginBottom": 15,
                    "textAlign": "center",
                  }
                }
                testID="cardTitle"
              >
                Movie Night 11/7
              </Text>
              <View
                style={
                  Object {
                    "borderBottomColor": "#bcbbc1",
                    "borderBottomWidth": 0.5,
                    "marginBottom": 15,
                  }
                }
              />
              <Text>
                Start Time: 101
              </Text>
              <Text>
                Location: House 3
              </Text>
              <View
                accessible={true}
                focusable={true}
                onClick={[Function]}
                onResponderGrant={[Function]}
                onResponderMove={[Function]}
                onResponderRelease={[Function]}
                onResponderTerminate={[Function]}
                onResponderTerminationRequest={[Function]}
                onStartShouldSetResponder={[Function]}
                style={
                  Object {
                    "alignItems": "center",
                    "backgroundColor": "#1d1f1e",
                    "justifyContent": "center",
                    "margin": 10,
                    "padding": 5,
                  }
                }
              >
                <Text
                  style={
                    Object {
                      "alignContent": "center",
                      "color": "white",
                      "fontSize": 20,
                    }
                  }
                >
                  View Event
                </Text>
              </View>
            </View>
          </View>
        </View>
        <View>
          <View
            style={
              Object {
                "alignItems": "stretch",
                "backgroundColor": "lightgrey",
                "marginTop": 20,
                "padding": 5,
                "width": 300,
              }
            }
          >
            <Text
              style={
                Object {
                  "fontSize": 30,
                }
              }
            >
              New Movie Night
            </Text>
            <TextInput
              allowFontScaling={true}
              placeholder="Date"
              rejectResponderTermination={true}
              style={
                Object {
                  "alignItems": "center",
                  "backgroundColor": "white",
                  "borderRadius": 10,
                  "borderWidth": 0,
                  "height": 50,
                  "justifyContent": "center",
                  "margin": 4,
                  "padding": 10,
                  "width": "90%",
                }
              }
              underlineColorAndroid="transparent"
            />
            <TextInput
              allowFontScaling={true}
              placeholder="Time"
              rejectResponderTermination={true}
              style={
                Object {
                  "alignItems": "center",
                  "backgroundColor": "white",
                  "borderRadius": 10,
                  "borderWidth": 0,
                  "height": 50,
                  "justifyContent": "center",
                  "margin": 4,
                  "padding": 10,
                  "width": "90%",
                }
              }
              underlineColorAndroid="transparent"
            />
            <TextInput
              allowFontScaling={true}
              placeholder="Genre"
              rejectResponderTermination={true}
              style={
                Object {
                  "alignItems": "center",
                  "backgroundColor": "white",
                  "borderRadius": 10,
                  "borderWidth": 0,
                  "height": 50,
                  "justifyContent": "center",
                  "margin": 4,
                  "padding": 10,
                  "width": "90%",
                }
              }
              underlineColorAndroid="transparent"
            />
            <TextInput
              allowFontScaling={true}
              placeholder="Location"
              rejectResponderTermination={true}
              style={
                Object {
                  "alignItems": "center",
                  "backgroundColor": "white",
                  "borderRadius": 10,
                  "borderWidth": 0,
                  "height": 50,
                  "justifyContent": "center",
                  "margin": 4,
                  "padding": 10,
                  "width": "90%",
                }
              }
              underlineColorAndroid="transparent"
            />
            <TextInput
              allowFontScaling={true}
              placeholder="Theme"
              rejectResponderTermination={true}
              style={
                Object {
                  "alignItems": "center",
                  "backgroundColor": "white",
                  "borderRadius": 10,
                  "borderWidth": 0,
                  "height": 50,
                  "justifyContent": "center",
                  "margin": 4,
                  "padding": 10,
                  "width": "90%",
                }
              }
              underlineColorAndroid="transparent"
            />
          </View>
          <View
            style={
              Object {
                "flexDirection": "row",
                "justifyContent": "center",
              }
            }
          >
            <View
              accessible={true}
              focusable={false}
              onClick={[Function]}
              onResponderGrant={[Function]}
              onResponderMove={[Function]}
              onResponderRelease={[Function]}
              onResponderTerminate={[Function]}
              onResponderTerminationRequest={[Function]}
              onStartShouldSetResponder={[Function]}
              style={
                Object {
                  "alignItems": "center",
                  "backgroundColor": "#166fdb",
                  "borderRadius": 5,
                  "justifyContent": "center",
                  "margin": 10,
                  "padding": 5,
                }
              }
            >
              <Text
                style={
                  Object {
                    "alignContent": "center",
                    "color": "white",
                    "fontSize": 20,
                  }
                }
              >
                Submit
              </Text>
            </View>
            <View
              accessible={true}
              focusable={false}
              onClick={[Function]}
              onResponderGrant={[Function]}
              onResponderMove={[Function]}
              onResponderRelease={[Function]}
              onResponderTerminate={[Function]}
              onResponderTerminationRequest={[Function]}
              onStartShouldSetResponder={[Function]}
              style={
                Object {
                  "alignItems": "center",
                  "backgroundColor": "#1d1f1e",
                  "borderRadius": 5,
                  "justifyContent": "center",
                  "margin": 10,
                  "padding": 5,
                }
              }
            >
              <Text
                style={
                  Object {
                    "alignContent": "center",
                    "color": "white",
                    "fontSize": 20,
                  }
                }
              >
                Clear Form
              </Text>
            </View>
          </View>
        </View>
      </View>
    </RCTScrollView>
  </View>
  <View
    style={
      Object {
        "backgroundColor": "#1d1f1e",
        "flex": 1,
        "flexDirection": "row",
        "justifyContent": "center",
        "marginTop": 10,
      }
    }
  >
    <View
      accessible={true}
      focusable={true}
      onClick={[Function]}
      onResponderGrant={[Function]}
      onResponderMove={[Function]}
      onResponderRelease={[Function]}
      onResponderTerminate={[Function]}
      onResponderTerminationRequest={[Function]}
      onStartShouldSetResponder={[Function]}
      style={
        Object {
          "alignItems": "center",
          "flex": 1,
          "justifyContent": "center",
        }
      }
    >
      <Text />
      <Text
        style={
          Object {
            "color": "#166fdb",
            "fontWeight": "bold",
            "margin": 5,
          }
        }
      >
        Schedule
      </Text>
    </View>
    <View
      accessible={true}
      focusable={true}
      onClick={[Function]}
      onResponderGrant={[Function]}
      onResponderMove={[Function]}
      onResponderRelease={[Function]}
      onResponderTerminate={[Function]}
      onResponderTerminationRequest={[Function]}
      onStartShouldSetResponder={[Function]}
      style={
        Object {
          "alignItems": "center",
          "flex": 1,
          "justifyContent": "center",
        }
      }
    >
      <Text />
      <Text
        style={
          Object {
            "color": "white",
            "fontWeight": "normal",
            "margin": 5,
          }
        }
      >
        Queue
      </Text>
    </View>
    <View
      accessible={true}
      focusable={true}
      onClick={[Function]}
      onResponderGrant={[Function]}
      onResponderMove={[Function]}
      onResponderRelease={[Function]}
      onResponderTerminate={[Function]}
      onResponderTerminationRequest={[Function]}
      onStartShouldSetResponder={[Function]}
      style={
        Object {
          "alignItems": "center",
          "flex": 1,
          "justifyContent": "center",
        }
      }
    >
      <Text />
      <Text
        style={
          Object {
            "color": "white",
            "fontWeight": "normal",
            "margin": 5,
          }
        }
      >
        Search
      </Text>
    </View>
    <View
      accessible={true}
      focusable={true}
      onClick={[Function]}
      onResponderGrant={[Function]}
      onResponderMove={[Function]}
      onResponderRelease={[Function]}
      onResponderTerminate={[Function]}
      onResponderTerminationRequest={[Function]}
      onStartShouldSetResponder={[Function]}
      style={
        Object {
          "alignItems": "center",
          "flex": 1,
          "justifyContent": "center",
        }
      }
    >
      <Text />
      <Text
        style={
          Object {
            "color": "white",
            "fontWeight": "normal",
            "margin": 5,
          }
        }
      >
        Settings
      </Text>
    </View>
  </View>
</RCTSafeAreaView>
`;
